// Jest Snapshot v1, https://goo.gl/fbAQLP

exports[`ExpenseListItem component test suite should render ExpenseListItem correctly 1`] = `
<div>
  <Link
    replace={false}
    to="/edit/2"
  >
    <h3>
      Pizza
    </h3>
  </Link>
  <p>
    $8.50
    -
    28th December 1969
    -
    Dominos
  </p>
</div>
`;
